Cargando conditions_data.json...
Iniciando traducción de 43 estados...
[1/43] Traduciendo: Blinded
[2/43] Traduciendo: Broken
[3/43] Traduciendo: Clumsy
[4/43] Traduciendo: Concealed
[5/43] Traduciendo: Confused
[6/43] Traduciendo: Controlled
[7/43] Traduciendo: Cursebound
[8/43] Traduciendo: Dazzled
[9/43] Traduciendo: Deafened
[10/43] Traduciendo: Doomed
Guardando progreso...
[11/43] Traduciendo: Drained
[12/43] Traduciendo: Dying
[13/43] Traduciendo: Encumbered
[14/43] Traduciendo: Enfeebled
[15/43] Traduciendo: Fascinated
[16/43] Traduciendo: Fatigued
[17/43] Traduciendo: Fleeing
[18/43] Traduciendo: Friendly
[19/43] Traduciendo: Frightened
[20/43] Traduciendo: Grabbed
Guardando progreso...
[21/43] Traduciendo: Helpful
[22/43] Traduciendo: Hidden
[23/43] Traduciendo: Hostile
[24/43] Traduciendo: Immobilized
[25/43] Traduciendo: Indifferent
[26/43] Traduciendo: Invisible
[27/43] Traduciendo: Observed
[28/43] Traduciendo: Off-Guard
[29/43] Traduciendo: Paralyzed
[30/43] Traduciendo: Persistent Damage
Guardando progreso...
[31/43] Traduciendo: Petrified
[32/43] Traduciendo: Prone
[33/43] Traduciendo: Quickened
[34/43] Traduciendo: Restrained
[35/43] Traduciendo: Sickened
[36/43] Traduciendo: Slowed
[37/43] Traduciendo: Stunned
[38/43] Traduciendo: Stupefied
[39/43] Traduciendo: Unconscious
[40/43] Traduciendo: Undetected
Guardando progreso...
[41/43] Traduciendo: Unfriendly
[42/43] Traduciendo: Unnoticed
[43/43] Traduciendo: Wounded
Traducción completada con éxito.
